# Test the parser on staffSuperheroes.tsv

# Build the Graph
loaded graph staffSuperheroes

# List nodes and edges to see if the graph
# is fully build
staffSuperheroes contains: Ernst-the-Bicycling-Wizard Grossman-the-Youngest-of-them-all Notkin-of-the-Superhuman-Beard Perkins-the-Magical-Singing-Instructor
the children of Ernst-the-Bicycling-Wizard in staffSuperheroes are: Grossman-the-Youngest-of-them-all(CSE331) Notkin-of-the-Superhuman-Beard(CSE403) Perkins-the-Magical-Singing-Instructor(CSE331)
the children of Notkin-of-the-Superhuman-Beard in staffSuperheroes are: Ernst-the-Bicycling-Wizard(CSE403)
the children of Perkins-the-Magical-Singing-Instructor in staffSuperheroes are: Ernst-the-Bicycling-Wizard(CSE331) Grossman-the-Youngest-of-them-all(CSE331)
the children of Grossman-the-Youngest-of-them-all in staffSuperheroes are: Ernst-the-Bicycling-Wizard(CSE331) Perkins-the-Magical-Singing-Instructor(CSE331)